[2026-06-03 15:00:32] TRIGGER: pull_request - Pull request detectado hacia main.
[2026-06-03 15:02:03] TRIGGER: push - Workflow activado por push en main.
[2026-06-03 15:13:38] TRIGGER: issues - Nuevo issue creado por un usuario.
[2026-06-03 15:17:24] TRIGGER: issue_comment - Comentario en PR detectado.
[2026-06-03 15:25:19] TRIGGER: push - Workflow activado por push en main.
[2026-06-03 15:34:45] TRIGGER: push - Workflow activado por push en main.
[2026-06-03 15:39:06] TRIGGER: workflow_dispatch - Ejecución manual. Nivel: INFO
[2026-06-03 15:39:06] TRIGGER: workflow_dispatch - Ejecución manual. Nivel: INFO
[2026-06-03 18:17:41] TRIGGER: push - Workflow activado por push en main.
[2026-06-03 18:42:27] TRIGGER: push - Workflow activado por push en main.
[2026-06-03 18:43:20] TRIGGER: schedule - Ejecución cron programada.
[2026-06-03 21:32:20] TRIGGER: schedule - Ejecución cron programada.
[2026-06-03 23:19:30] TRIGGER: schedule - Ejecución cron programada.
[2026-06-04 02:01:05] TRIGGER: schedule - Ejecución cron programada.
[2026-06-04 06:52:13] TRIGGER: schedule - Ejecución cron programada.
[2026-06-04 10:31:43] TRIGGER: schedule - Ejecución cron programada.
[2026-06-04 13:44:18] TRIGGER: schedule - Ejecución cron programada.
[2026-06-04 16:39:58] TRIGGER: schedule - Ejecución cron programada.
[2026-06-04 16:41:06] TRIGGER: schedule - Ejecución cron programada.
[2026-06-04 19:06:00] TRIGGER: schedule - Ejecución cron programada.
[2026-06-04 21:02:16] TRIGGER: schedule - Ejecución cron programada.
[2026-06-04 22:40:38] TRIGGER: schedule - Ejecución cron programada.
[2026-06-04 23:49:58] TRIGGER: schedule - Ejecución cron programada.
[2026-06-05 01:56:30] TRIGGER: schedule - Ejecución cron programada.
[2026-06-05 06:22:36] TRIGGER: schedule - Ejecución cron programada.
[2026-06-05 10:29:12] TRIGGER: schedule - Ejecución cron programada.
[2026-06-05 13:37:16] TRIGGER: schedule - Ejecución cron programada.
[2026-06-05 16:16:15] TRIGGER: schedule - Ejecución cron programada.
[2026-06-05 18:18:22] TRIGGER: schedule - Ejecución cron programada.
[2026-06-05 20:17:54] TRIGGER: schedule - Ejecución cron programada.
[2026-06-05 21:48:47] TRIGGER: schedule - Ejecución cron programada.
[2026-06-05 22:50:17] TRIGGER: schedule - Ejecución cron programada.
[2026-06-05 23:54:42] TRIGGER: schedule - Ejecución cron programada.
[2026-06-06 02:37:20] TRIGGER: schedule - Ejecución cron programada.
[2026-06-06 06:16:10] TRIGGER: schedule - Ejecución cron programada.
[2026-06-06 08:47:57] TRIGGER: schedule - Ejecución cron programada.
[2026-06-06 10:46:27] TRIGGER: schedule - Ejecución cron programada.
[2026-06-06 12:02:15] TRIGGER: schedule - Ejecución cron programada.
[2026-06-06 14:04:10] TRIGGER: schedule - Ejecución cron programada.
[2026-06-06 15:23:31] TRIGGER: schedule - Ejecución cron programada.
[2026-06-06 16:37:28] TRIGGER: schedule - Ejecución cron programada.
[2026-06-06 17:46:33] TRIGGER: schedule - Ejecución cron programada.
[2026-06-06 18:56:52] TRIGGER: schedule - Ejecución cron programada.
[2026-06-06 20:09:05] TRIGGER: schedule - Ejecución cron programada.
[2026-06-06 21:16:35] TRIGGER: schedule - Ejecución cron programada.
[2026-06-06 22:31:53] TRIGGER: schedule - Ejecución cron programada.
